::1 - - [03/Sep/2026 11:45:16] "GET /index.html HTTP/1.1" 200 -
::1 - - [03/Sep/2026 11:45:24] "GET /index.html HTTP/1.1" 200 -
::1 - - [03/Sep/2026 11:46:03] "GET / HTTP/1.1" 200 -
::1 - - [03/Sep/2026 11:46:03] "GET /css/core/tokens.css HTTP/1.1" 200 -
::1 - - [03/Sep/2026 11:46:03] "GET /css/core/components.css HTTP/1.1" 200 -
::1 - - [03/Sep/2026 11:46:03] "GET /css/ui/sheet.css HTTP/1.1" 200 -
::1 - - [03/Sep/2026 11:46:03] "GET /css/ui/restbar.css HTTP/1.1" 200 -
::1 - - [03/Sep/2026 11:46:03] "GET /css/ui/background.css HTTP/1.1" 200 -
::1 - - [03/Sep/2026 11:46:03] "GET /css/core/layout.css HTTP/1.1" 200 -
::1 - - [03/Sep/2026 11:46:03] "GET /css/ui/theme.css HTTP/1.1" 200 -
::1 - - [03/Sep/2026 11:46:03] "GET /css/ui/scrollfocus.css HTTP/1.1" 200 -
::1 - - [03/Sep/2026 11:46:03] "GET /css/screens/auth.css HTTP/1.1" 200 -
::1 - - [03/Sep/2026 11:46:03] "GET /css/screens/comida.css HTTP/1.1" 200 -
::1 - - [03/Sep/2026 11:46:03] "GET /css/screens/entreno.css HTTP/1.1" 200 -
::1 - - [03/Sep/2026 11:46:03] "GET /css/screens/cardio.css HTTP/1.1" 200 -
::1 - - [03/Sep/2026 11:46:03] "GET /css/screens/habitos.css HTTP/1.1" 200 -
::1 - - [03/Sep/2026 11:46:03] "GET /css/screens/progreso.css HTTP/1.1" 200 -
::1 - - [03/Sep/2026 11:46:03] "GET /css/screens/coach/clientes.css HTTP/1.1" 200 -
::1 - - [03/Sep/2026 11:46:03] "GET /css/screens/coach/shared.css HTTP/1.1" 200 -
::1 - - [03/Sep/2026 11:46:03] "GET /css/screens/config.css HTTP/1.1" 200 -
::1 - - [03/Sep/2026 11:46:03] "GET /css/screens/checkin.css HTTP/1.1" 200 -
::1 - - [03/Sep/2026 11:46:03] "GET /app/main.js HTTP/1.1" 200 -
::1 - - [03/Sep/2026 11:46:03] "GET /manifest.json HTTP/1.1" 200 -
::1 - - [03/Sep/2026 11:46:03] "GET /css/screens/coach/seguimiento.css HTTP/1.1" 200 -
::1 - - [03/Sep/2026 11:46:03] "GET /css/screens/coach/rutinas.css HTTP/1.1" 200 -
::1 - - [03/Sep/2026 11:46:03] "GET /css/screens/coach/index.css HTTP/1.1" 200 -
::1 - - [03/Sep/2026 11:46:03] "GET /app/core/data.js HTTP/1.1" 200 -
::1 - - [03/Sep/2026 11:46:03] "GET /app/core/icons.js HTTP/1.1" 200 -
::1 - - [03/Sep/2026 11:46:03] "GET /app/core/state.js HTTP/1.1" 200 -
::1 - - [03/Sep/2026 11:46:03] "GET /app/core/storage.js HTTP/1.1" 200 -
::1 - - [03/Sep/2026 11:46:03] "GET /app/core/supabase.js HTTP/1.1" 200 -
::1 - - [03/Sep/2026 11:46:03] "GET /app/core/utils.js HTTP/1.1" 200 -
::1 - - [03/Sep/2026 11:46:03] "GET /app/screens/auth.js HTTP/1.1" 200 -
::1 - - [03/Sep/2026 11:46:03] "GET /app/screens/cardio.js HTTP/1.1" 200 -
::1 - - [03/Sep/2026 11:46:03] "GET /app/screens/checkin.js HTTP/1.1" 200 -
::1 - - [03/Sep/2026 11:46:03] "GET /app/screens/coach/clientes.js HTTP/1.1" 200 -
::1 - - [03/Sep/2026 11:46:03] "GET /app/screens/coach/index.js HTTP/1.1" 200 -
::1 - - [03/Sep/2026 11:46:03] "GET /app/screens/coach/state.js HTTP/1.1" 200 -
::1 - - [03/Sep/2026 11:46:03] "GET /app/screens/coach/rutinas.js HTTP/1.1" 200 -
::1 - - [03/Sep/2026 11:46:03] "GET /app/screens/comida.js HTTP/1.1" 200 -
::1 - - [03/Sep/2026 11:46:03] "GET /app/screens/entreno.js HTTP/1.1" 200 -
::1 - - [03/Sep/2026 11:46:03] "GET /app/screens/habitos.js HTTP/1.1" 200 -
::1 - - [03/Sep/2026 11:46:03] "GET /app/screens/progreso.js HTTP/1.1" 200 -
::1 - - [03/Sep/2026 11:46:03] "GET /app/ui/audio.js HTTP/1.1" 200 -
::1 - - [03/Sep/2026 11:46:03] "GET /app/ui/background.js HTTP/1.1" 200 -
::1 - - [03/Sep/2026 11:46:03] "GET /app/ui/restbar.js HTTP/1.1" 200 -
::1 - - [03/Sep/2026 11:46:03] "GET /app/ui/scrollfocus.js HTTP/1.1" 200 -
::1 - - [03/Sep/2026 11:46:03] "GET /app/ui/sheet.js HTTP/1.1" 200 -
::1 - - [03/Sep/2026 11:46:03] "GET /app/screens/config.js HTTP/1.1" 200 -
::1 - - [03/Sep/2026 11:46:03] "GET /app/screens/coach/seguimiento.js HTTP/1.1" 200 -
::1 - - [03/Sep/2026 11:46:03] "GET /icon-192.png HTTP/1.1" 200 -
::1 - - [03/Sep/2026 11:46:05] "GET /sw.js HTTP/1.1" 200 -
::1 - - [03/Sep/2026 11:46:05] "GET /index.html HTTP/1.1" 200 -
::1 - - [03/Sep/2026 11:46:05] "GET /icon-512.png HTTP/1.1" 200 -
